Component: Arm Compiler for Embedded 6.18 Tool: armlink [5e4cc100]

==============================================================================

Section Cross References

    main.o(.text) refers to utils_ctboard.o(.text) for read_byte
    main.o(.ARM.exidx) refers to main.o(.text) for [Anonymous Symbol]
    utils_ctboard.o(.ARM.exidx) refers to utils_ctboard.o(.text) for [Anonymous Symbol]
    datainit_ctboard.o(.text) refers (Weak) to startup_ctboard.o(STACK) for Stack_Mem
    datainit_ctboard.o(.text) refers to main.o(.text) for main
    startup_ctboard.o(RESET) refers to startup_ctboard.o(STACK) for __initial_sp
    startup_ctboard.o(RESET) refers to startup_ctboard.o(.text) for Reset_Handler
    startup_ctboard.o(.text) refers to system_ctboard.o(.text) for __system
    startup_ctboard.o(.text) refers to datainit_ctboard.o(.text) for __main
    system_ctboard.o(.text) refers to hal_rcc.o(.text) for hal_rcc_reset
    system_ctboard.o(.text) refers to hal_pwr.o(.text) for hal_pwr_set_overdrive
    system_ctboard.o(.text) refers to hal_gpio.o(.text) for hal_gpio_init_alternate
    system_ctboard.o(.text) refers to hal_fmc.o(.text) for hal_fmc_init_sram
    system_ctboard.o(.ARM.exidx) refers to system_ctboard.o(.text) for [Anonymous Symbol]
    hal_fmc.o(.ARM.exidx) refers to hal_fmc.o(.text) for [Anonymous Symbol]
    hal_gpio.o(.ARM.exidx) refers to hal_gpio.o(.text) for [Anonymous Symbol]
    hal_pwr.o(.ARM.exidx) refers to hal_pwr.o(.text) for [Anonymous Symbol]
    hal_rcc.o(.ARM.exidx) refers to hal_rcc.o(.text) for [Anonymous Symbol]


==============================================================================

Removing Unused input sections from the image.

    Removing main.o(.ARM.exidx), (8 bytes).
    Removing main.o(.ARM.use_no_argv), (4 bytes).
    Removing utils_ctboard.o(.ARM.exidx), (64 bytes).
    Removing startup_ctboard.o(HEAP), (2048 bytes).
    Removing system_ctboard.o(.ARM.exidx), (40 bytes).
    Removing hal_fmc.o(.ARM.exidx), (16 bytes).
    Removing hal_gpio.o(.ARM.exidx), (112 bytes).
    Removing hal_pwr.o(.ARM.exidx), (56 bytes).
    Removing hal_rcc.o(.ARM.exidx), (40 bytes).

9 unused section(s) (total 2388 bytes) removed from the image.

==============================================================================

Image Symbol Table

    Local Symbols

    Symbol Name                              Value     Ov Type        Size  Object(Section)

    RTE/Device/CT_Board_HS14_M0/datainit_ctboard.s 0x00000000   Number         0  datainit_ctboard.o ABSOLUTE
    RTE/Device/CT_Board_HS14_M0/startup_ctboard.s 0x00000000   Number         0  startup_ctboard.o ABSOLUTE
    hal_fmc.c                                0x00000000   Number         0  hal_fmc.o ABSOLUTE
    hal_gpio.c                               0x00000000   Number         0  hal_gpio.o ABSOLUTE
    hal_pwr.c                                0x00000000   Number         0  hal_pwr.o ABSOLUTE
    hal_rcc.c                                0x00000000   Number         0  hal_rcc.o ABSOLUTE
    main.c                                   0x00000000   Number         0  main.o ABSOLUTE
    system_ctboard.c                         0x00000000   Number         0  system_ctboard.o ABSOLUTE
    utils_ctboard.c                          0x00000000   Number         0  utils_ctboard.o ABSOLUTE
    RESET                                    0x08000000   Section      428  startup_ctboard.o(RESET)
    [Anonymous Symbol]                       0x080001ac   Section        0  main.o(.text)
    __arm_cp.0_0                             0x0800023c   Number         4  main.o(.text)
    __arm_cp.0_1                             0x08000240   Number         4  main.o(.text)
    [Anonymous Symbol]                       0x08000244   Section        0  utils_ctboard.o(.text)
    .text                                    0x08000268   Section      124  datainit_ctboard.o(.text)
    .text                                    0x080002e4   Section       36  startup_ctboard.o(.text)
    [Anonymous Symbol]                       0x08000308   Section        0  system_ctboard.o(.text)
    __arm_cp.1_0                             0x08000428   Number         4  system_ctboard.o(.text)
    __arm_cp.1_1                             0x0800042c   Number         4  system_ctboard.o(.text)
    __arm_cp.1_2                             0x08000430   Number         4  system_ctboard.o(.text)
    __arm_cp.1_3                             0x08000434   Number         4  system_ctboard.o(.text)
    __arm_cp.1_4                             0x08000438   Number         4  system_ctboard.o(.text)
    __arm_cp.1_5                             0x0800043c   Number         4  system_ctboard.o(.text)
    __arm_cp.1_6                             0x08000440   Number         4  system_ctboard.o(.text)
    __arm_cp.1_7                             0x08000444   Number         4  system_ctboard.o(.text)
    __arm_cp.1_8                             0x08000448   Number         4  system_ctboard.o(.text)
    __arm_cp.1_9                             0x0800044c   Number         4  system_ctboard.o(.text)
    __arm_cp.1_10                            0x08000450   Number         4  system_ctboard.o(.text)
    __arm_cp.1_11                            0x08000454   Number         4  system_ctboard.o(.text)
    __arm_cp.1_12                            0x08000458   Number         4  system_ctboard.o(.text)
    __arm_cp.1_13                            0x0800045c   Number         4  system_ctboard.o(.text)
    __arm_cp.1_14                            0x08000460   Number         4  system_ctboard.o(.text)
    [Anonymous Symbol]                       0x0800046c   Section        0  hal_fmc.o(.text)
    __arm_cp.0_0                             0x080004a8   Number         4  hal_fmc.o(.text)
    __arm_cp.0_1                             0x080004ac   Number         4  hal_fmc.o(.text)
    __arm_cp.0_2                             0x080004b0   Number         4  hal_fmc.o(.text)
    __arm_cp.1_0                             0x080005bc   Number         4  hal_fmc.o(.text)
    [Anonymous Symbol]                       0x080005c0   Section        0  hal_gpio.o(.text)
    __arm_cp.0_0                             0x08000604   Number         4  hal_gpio.o(.text)
    __arm_cp.0_1                             0x08000608   Number         4  hal_gpio.o(.text)
    __arm_cp.1_0                             0x080006a8   Number         4  hal_gpio.o(.text)
    __arm_cp.1_1                             0x080006ac   Number         4  hal_gpio.o(.text)
    __arm_cp.2_0                             0x080007a0   Number         4  hal_gpio.o(.text)
    __arm_cp.2_1                             0x080007a4   Number         4  hal_gpio.o(.text)
    __arm_cp.3_0                             0x080008bc   Number         4  hal_gpio.o(.text)
    __arm_cp.3_1                             0x080008c0   Number         4  hal_gpio.o(.text)
    __arm_cp.7_0                             0x080009ec   Number         4  hal_gpio.o(.text)
    __arm_cp.7_1                             0x080009f0   Number         4  hal_gpio.o(.text)
    __arm_cp.8_0                             0x08000a0c   Number         4  hal_gpio.o(.text)
    __arm_cp.8_1                             0x08000a10   Number         4  hal_gpio.o(.text)
    __arm_cp.9_0                             0x08000a30   Number         4  hal_gpio.o(.text)
    __arm_cp.9_1                             0x08000a34   Number         4  hal_gpio.o(.text)
    __arm_cp.10_0                            0x08000a54   Number         4  hal_gpio.o(.text)
    __arm_cp.10_1                            0x08000a58   Number         4  hal_gpio.o(.text)
    __arm_cp.11_0                            0x08000b80   Number         4  hal_gpio.o(.text)
    __arm_cp.11_1                            0x08000b84   Number         4  hal_gpio.o(.text)
    __arm_cp.11_2                            0x08000b88   Number         4  hal_gpio.o(.text)
    __arm_cp.11_3                            0x08000b8c   Number         4  hal_gpio.o(.text)
    __arm_cp.11_4                            0x08000b90   Number         4  hal_gpio.o(.text)
    __arm_cp.11_5                            0x08000b94   Number         4  hal_gpio.o(.text)
    __arm_cp.12_0                            0x08000bb0   Number         4  hal_gpio.o(.text)
    __arm_cp.13_0                            0x08000bc0   Number         4  hal_gpio.o(.text)
    [Anonymous Symbol]                       0x08000bc4   Section        0  hal_pwr.o(.text)
    __arm_cp.0_0                             0x08000bd4   Number         4  hal_pwr.o(.text)
    __arm_cp.1_0                             0x08000c10   Number         4  hal_pwr.o(.text)
    __arm_cp.2_0                             0x08000c2c   Number         4  hal_pwr.o(.text)
    __arm_cp.3_0                             0x08000c48   Number         4  hal_pwr.o(.text)
    __arm_cp.4_0                             0x08000c64   Number         4  hal_pwr.o(.text)
    [Anonymous Symbol]                       0x08000c70   Section        0  hal_rcc.o(.text)
    __arm_cp.0_0                             0x08000cd8   Number         4  hal_rcc.o(.text)
    __arm_cp.0_1                             0x08000cdc   Number         4  hal_rcc.o(.text)
    __arm_cp.0_2                             0x08000ce0   Number         4  hal_rcc.o(.text)
    __arm_cp.0_3                             0x08000ce4   Number         4  hal_rcc.o(.text)
    __arm_cp.0_4                             0x08000ce8   Number         4  hal_rcc.o(.text)
    __arm_cp.0_5                             0x08000cec   Number         4  hal_rcc.o(.text)
    __arm_cp.0_6                             0x08000cf0   Number         4  hal_rcc.o(.text)
    __arm_cp.0_7                             0x08000cf4   Number         4  hal_rcc.o(.text)
    __arm_cp.1_0                             0x08000ddc   Number         4  hal_rcc.o(.text)
    __arm_cp.2_0                             0x08000e4c   Number         4  hal_rcc.o(.text)
    __arm_cp.2_1                             0x08000e50   Number         4  hal_rcc.o(.text)
    __arm_cp.3_0                             0x08000f30   Number         4  hal_rcc.o(.text)
    __arm_cp.3_1                             0x08000f34   Number         4  hal_rcc.o(.text)
    __arm_cp.3_2                             0x08000f38   Number         4  hal_rcc.o(.text)
    __arm_cp.3_3                             0x08000f3c   Number         4  hal_rcc.o(.text)
    __arm_cp.3_4                             0x08000f40   Number         4  hal_rcc.o(.text)
    __arm_cp.3_5                             0x08000f44   Number         4  hal_rcc.o(.text)
    __arm_cp.4_0                             0x08000f98   Number         4  hal_rcc.o(.text)
    __arm_cp.4_1                             0x08000f9c   Number         4  hal_rcc.o(.text)
    STACK                                    0x20000000   Section     8192  startup_ctboard.o(STACK)
    __initial_sp                             0x20002000   Data           0  startup_ctboard.o(STACK)

    Global Symbols

    Symbol Name                              Value     Ov Type        Size  Object(Section)

    BuildAttributes$$THM_ISAv3M$S$PE$A:L22$X:L11$S22$IEEE1$IW$~IW$USESV6$~STKCKD$USESV7$WCHAR32$ENUMINT$~SHL$OTIME$EBA8$STANDARDLIB$REQ8$PRES8$EABIv2 0x00000000   Number         0  anon$$obj.o ABSOLUTE
    Image$$RO$$Limit                          - Undefined Weak Reference
    Image$$RW$$Base                           - Undefined Weak Reference
    Image$$ZI$$Base                           - Undefined Weak Reference
    Image$$ZI$$Limit                          - Undefined Weak Reference
    __Vectors_Size                           0x000001ac   Number         0  startup_ctboard.o ABSOLUTE
    Stack_Size                               0x00002000   Number         0  startup_ctboard.o ABSOLUTE
    __Vectors                                0x08000000   Data           4  startup_ctboard.o(RESET)
    __Vectors_End                            0x080001ac   Data           0  startup_ctboard.o(RESET)
    main                                     0x080001ad   Thumb Code   144  main.o(.text)
    read_byte                                0x08000245   Thumb Code     4  utils_ctboard.o(.text)
    read_halfword                            0x08000249   Thumb Code     4  utils_ctboard.o(.text)
    read_word                                0x0800024d   Thumb Code     4  utils_ctboard.o(.text)
    read_doubleword                          0x08000251   Thumb Code     8  utils_ctboard.o(.text)
    write_byte                               0x08000259   Thumb Code     4  utils_ctboard.o(.text)
    write_halfword                           0x0800025d   Thumb Code     4  utils_ctboard.o(.text)
    write_word                               0x08000261   Thumb Code     4  utils_ctboard.o(.text)
    write_doubleword                         0x08000265   Thumb Code     4  utils_ctboard.o(.text)
    __main                                   0x08000269   Thumb Code    74  datainit_ctboard.o(.text)
    Reset_Handler                            0x080002e5   Thumb Code     8  startup_ctboard.o(.text)
    NMI_Handler                              0x080002ed   Thumb Code     2  startup_ctboard.o(.text)
    HardFault_Handler                        0x080002ef   Thumb Code     2  startup_ctboard.o(.text)
    MemManage_Handler                        0x080002f1   Thumb Code     2  startup_ctboard.o(.text)
    BusFault_Handler                         0x080002f3   Thumb Code     2  startup_ctboard.o(.text)
    UsageFault_Handler                       0x080002f5   Thumb Code     2  startup_ctboard.o(.text)
    SVC_Handler                              0x080002f7   Thumb Code     2  startup_ctboard.o(.text)
    DebugMon_Handler                         0x080002f9   Thumb Code     2  startup_ctboard.o(.text)
    PendSV_Handler                           0x080002fb   Thumb Code     2  startup_ctboard.o(.text)
    SysTick_Handler                          0x080002fd   Thumb Code     2  startup_ctboard.o(.text)
    ADC_IRQHandler                           0x080002ff   Thumb Code     0  startup_ctboard.o(.text)
    CAN1_RX0_IRQHandler                      0x080002ff   Thumb Code     0  startup_ctboard.o(.text)
    CAN1_RX1_IRQHandler                      0x080002ff   Thumb Code     0  startup_ctboard.o(.text)
    CAN1_SCE_IRQHandler                      0x080002ff   Thumb Code     0  startup_ctboard.o(.text)
    CAN1_TX_IRQHandler                       0x080002ff   Thumb Code     0  startup_ctboard.o(.text)
    CAN2_RX0_IRQHandler                      0x080002ff   Thumb Code     0  startup_ctboard.o(.text)
    CAN2_RX1_IRQHandler                      0x080002ff   Thumb Code     0  startup_ctboard.o(.text)
    CAN2_SCE_IRQHandler                      0x080002ff   Thumb Code     0  startup_ctboard.o(.text)
    CAN2_TX_IRQHandler                       0x080002ff   Thumb Code     0  startup_ctboard.o(.text)
    CRYP_IRQHandler                          0x080002ff   Thumb Code     0  startup_ctboard.o(.text)
    DCMI_IRQHandler                          0x080002ff   Thumb Code     0  startup_ctboard.o(.text)
    DMA1_Stream0_IRQHandler                  0x080002ff   Thumb Code     0  startup_ctboard.o(.text)
    DMA1_Stream1_IRQHandler                  0x080002ff   Thumb Code     0  startup_ctboard.o(.text)
    DMA1_Stream2_IRQHandler                  0x080002ff   Thumb Code     0  startup_ctboard.o(.text)
    DMA1_Stream3_IRQHandler                  0x080002ff   Thumb Code     0  startup_ctboard.o(.text)
    DMA1_Stream4_IRQHandler                  0x080002ff   Thumb Code     0  startup_ctboard.o(.text)
    DMA1_Stream5_IRQHandler                  0x080002ff   Thumb Code     0  startup_ctboard.o(.text)
    DMA1_Stream6_IRQHandler                  0x080002ff   Thumb Code     0  startup_ctboard.o(.text)
    DMA1_Stream7_IRQHandler                  0x080002ff   Thumb Code     0  startup_ctboard.o(.text)
    DMA2D_IRQHandler                         0x080002ff   Thumb Code     0  startup_ctboard.o(.text)
    DMA2_Stream0_IRQHandler                  0x080002ff   Thumb Code     0  startup_ctboard.o(.text)
    DMA2_Stream1_IRQHandler                  0x080002ff   Thumb Code     0  startup_ctboard.o(.text)
    DMA2_Stream2_IRQHandler                  0x080002ff   Thumb Code     0  startup_ctboard.o(.text)
    DMA2_Stream3_IRQHandler                  0x080002ff   Thumb Code     0  startup_ctboard.o(.text)
    DMA2_Stream4_IRQHandler                  0x080002ff   Thumb Code     0  startup_ctboard.o(.text)
    DMA2_Stream5_IRQHandler                  0x080002ff   Thumb Code     0  startup_ctboard.o(.text)
    DMA2_Stream6_IRQHandler                  0x080002ff   Thumb Code     0  startup_ctboard.o(.text)
    DMA2_Stream7_IRQHandler                  0x080002ff   Thumb Code     0  startup_ctboard.o(.text)
    ETH_IRQHandler                           0x080002ff   Thumb Code     0  startup_ctboard.o(.text)
    ETH_WKUP_IRQHandler                      0x080002ff   Thumb Code     0  startup_ctboard.o(.text)
    EXTI0_IRQHandler                         0x080002ff   Thumb Code     0  startup_ctboard.o(.text)
    EXTI15_10_IRQHandler                     0x080002ff   Thumb Code     0  startup_ctboard.o(.text)
    EXTI1_IRQHandler                         0x080002ff   Thumb Code     0  startup_ctboard.o(.text)
    EXTI2_IRQHandler                         0x080002ff   Thumb Code     0  startup_ctboard.o(.text)
    EXTI3_IRQHandler                         0x080002ff   Thumb Code     0  startup_ctboard.o(.text)
    EXTI4_IRQHandler                         0x080002ff   Thumb Code     0  startup_ctboard.o(.text)
    EXTI9_5_IRQHandler                       0x080002ff   Thumb Code     0  startup_ctboard.o(.text)
    FLASH_IRQHandler                         0x080002ff   Thumb Code     0  startup_ctboard.o(.text)
    FMC_IRQHandler                           0x080002ff   Thumb Code     0  startup_ctboard.o(.text)
    FPU_IRQHandler                           0x080002ff   Thumb Code     0  startup_ctboard.o(.text)
    HASH_RNG_IRQHandler                      0x080002ff   Thumb Code     0  startup_ctboard.o(.text)
    I2C1_ER_IRQHandler                       0x080002ff   Thumb Code     0  startup_ctboard.o(.text)
    I2C1_EV_IRQHandler                       0x080002ff   Thumb Code     0  startup_ctboard.o(.text)
    I2C2_ER_IRQHandler                       0x080002ff   Thumb Code     0  startup_ctboard.o(.text)
    I2C2_EV_IRQHandler                       0x080002ff   Thumb Code     0  startup_ctboard.o(.text)
    I2C3_ER_IRQHandler                       0x080002ff   Thumb Code     0  startup_ctboard.o(.text)
    I2C3_EV_IRQHandler                       0x080002ff   Thumb Code     0  startup_ctboard.o(.text)
    LTDC_ER_IRQHandler                       0x080002ff   Thumb Code     0  startup_ctboard.o(.text)
    LTDC_IRQHandler                          0x080002ff   Thumb Code     0  startup_ctboard.o(.text)
    OTG_FS_IRQHandler                        0x080002ff   Thumb Code     0  startup_ctboard.o(.text)
    OTG_FS_WKUP_IRQHandler                   0x080002ff   Thumb Code     0  startup_ctboard.o(.text)
    OTG_HS_EP1_IN_IRQHandler                 0x080002ff   Thumb Code     0  startup_ctboard.o(.text)
    OTG_HS_EP1_OUT_IRQHandler                0x080002ff   Thumb Code     0  startup_ctboard.o(.text)
    OTG_HS_IRQHandler                        0x080002ff   Thumb Code     0  startup_ctboard.o(.text)
    OTG_HS_WKUP_IRQHandler                   0x080002ff   Thumb Code     0  startup_ctboard.o(.text)
    PVD_IRQHandler                           0x080002ff   Thumb Code     0  startup_ctboard.o(.text)
    RCC_IRQHandler                           0x080002ff   Thumb Code     0  startup_ctboard.o(.text)
    RTC_Alarm_IRQHandler                     0x080002ff   Thumb Code     0  startup_ctboard.o(.text)
    RTC_WKUP_IRQHandler                      0x080002ff   Thumb Code     0  startup_ctboard.o(.text)
    SAI1_IRQHandler                          0x080002ff   Thumb Code     0  startup_ctboard.o(.text)
    SDIO_IRQHandler                          0x080002ff   Thumb Code     0  startup_ctboard.o(.text)
    SPI1_IRQHandler                          0x080002ff   Thumb Code     0  startup_ctboard.o(.text)
    SPI2_IRQHandler                          0x080002ff   Thumb Code     0  startup_ctboard.o(.text)
    SPI3_IRQHandler                          0x080002ff   Thumb Code     0  startup_ctboard.o(.text)
    SPI4_IRQHandler                          0x080002ff   Thumb Code     0  startup_ctboard.o(.text)
    SPI5_IRQHandler                          0x080002ff   Thumb Code     0  startup_ctboard.o(.text)
    SPI6_IRQHandler                          0x080002ff   Thumb Code     0  startup_ctboard.o(.text)
    TAMP_STAMP_IRQHandler                    0x080002ff   Thumb Code     0  startup_ctboard.o(.text)
    TIM1_BRK_TIM9_IRQHandler                 0x080002ff   Thumb Code     0  startup_ctboard.o(.text)
    TIM1_CC_IRQHandler                       0x080002ff   Thumb Code     0  startup_ctboard.o(.text)
    TIM1_TRG_COM_TIM11_IRQHandler            0x080002ff   Thumb Code     0  startup_ctboard.o(.text)
    TIM1_UP_TIM10_IRQHandler                 0x080002ff   Thumb Code     0  startup_ctboard.o(.text)
    TIM2_IRQHandler                          0x080002ff   Thumb Code     0  startup_ctboard.o(.text)
    TIM3_IRQHandler                          0x080002ff   Thumb Code     0  startup_ctboard.o(.text)
    TIM4_IRQHandler                          0x080002ff   Thumb Code     0  startup_ctboard.o(.text)
    TIM5_IRQHandler                          0x080002ff   Thumb Code     0  startup_ctboard.o(.text)
    TIM6_DAC_IRQHandler                      0x080002ff   Thumb Code     0  startup_ctboard.o(.text)
    TIM7_IRQHandler                          0x080002ff   Thumb Code     0  startup_ctboard.o(.text)
    TIM8_BRK_TIM12_IRQHandler                0x080002ff   Thumb Code     0  startup_ctboard.o(.text)
    TIM8_CC_IRQHandler                       0x080002ff   Thumb Code     0  startup_ctboard.o(.text)
    TIM8_TRG_COM_TIM14_IRQHandler            0x080002ff   Thumb Code     0  startup_ctboard.o(.text)
    TIM8_UP_TIM13_IRQHandler                 0x080002ff   Thumb Code     0  startup_ctboard.o(.text)
    UART4_IRQHandler                         0x080002ff   Thumb Code     0  startup_ctboard.o(.text)
    UART5_IRQHandler                         0x080002ff   Thumb Code     0  startup_ctboard.o(.text)
    UART7_IRQHandler                         0x080002ff   Thumb Code     0  startup_ctboard.o(.text)
    UART8_IRQHandler                         0x080002ff   Thumb Code     0  startup_ctboard.o(.text)
    USART1_IRQHandler                        0x080002ff   Thumb Code     0  startup_ctboard.o(.text)
    USART2_IRQHandler                        0x080002ff   Thumb Code     0  startup_ctboard.o(.text)
    USART3_IRQHandler                        0x080002ff   Thumb Code     0  startup_ctboard.o(.text)
    USART6_IRQHandler                        0x080002ff   Thumb Code     0  startup_ctboard.o(.text)
    WWDG_IRQHandler                          0x080002ff   Thumb Code     0  startup_ctboard.o(.text)
    __system                                 0x08000309   Thumb Code     8  system_ctboard.o(.text)
    system_enter_run                         0x08000311   Thumb Code   280  system_ctboard.o(.text)
    system_enter_sleep                       0x08000465   Thumb Code     2  system_ctboard.o(.text)
    system_enter_stop                        0x08000467   Thumb Code     2  system_ctboard.o(.text)
    system_enter_standby                     0x08000469   Thumb Code     2  system_ctboard.o(.text)
    hal_fmc_reset                            0x0800046d   Thumb Code    60  hal_fmc.o(.text)
    hal_fmc_init_sram                        0x080004b5   Thumb Code   264  hal_fmc.o(.text)
    hal_gpio_reset                           0x080005c1   Thumb Code    68  hal_gpio.o(.text)
    hal_gpio_init_input                      0x0800060d   Thumb Code   156  hal_gpio.o(.text)
    hal_gpio_init_analog                     0x080006b1   Thumb Code   240  hal_gpio.o(.text)
    hal_gpio_init_output                     0x080007a9   Thumb Code   276  hal_gpio.o(.text)
    hal_gpio_init_alternate                  0x080008c5   Thumb Code   262  hal_gpio.o(.text)
    hal_gpio_input_read                      0x080009cb   Thumb Code     6  hal_gpio.o(.text)
    hal_gpio_output_read                     0x080009d1   Thumb Code     6  hal_gpio.o(.text)
    hal_gpio_output_write                    0x080009d9   Thumb Code    20  hal_gpio.o(.text)
    hal_gpio_bit_set                         0x080009f5   Thumb Code    24  hal_gpio.o(.text)
    hal_gpio_bit_reset                       0x08000a15   Thumb Code    28  hal_gpio.o(.text)
    hal_gpio_bit_toggle                      0x08000a39   Thumb Code    28  hal_gpio.o(.text)
    hal_gpio_irq_set                         0x08000a5d   Thumb Code   292  hal_gpio.o(.text)
    hal_gpio_irq_status                      0x08000b99   Thumb Code    24  hal_gpio.o(.text)
    hal_gpio_irq_clear                       0x08000bb5   Thumb Code    12  hal_gpio.o(.text)
    hal_pwr_reset                            0x08000bc5   Thumb Code    16  hal_pwr.o(.text)
    hal_pwr_set_backup_domain                0x08000bd9   Thumb Code    56  hal_pwr.o(.text)
    hal_pwr_set_backup_access                0x08000c15   Thumb Code    24  hal_pwr.o(.text)
    hal_pwr_set_wakeup_pin                   0x08000c31   Thumb Code    24  hal_pwr.o(.text)
    hal_pwr_set_flash_powerdown              0x08000c4d   Thumb Code    24  hal_pwr.o(.text)
    hal_pwr_set_overdrive                    0x08000c69   Thumb Code     4  hal_pwr.o(.text)
    hal_pwr_set_underdrive                   0x08000c6d   Thumb Code     4  hal_pwr.o(.text)
    hal_rcc_reset                            0x08000c71   Thumb Code   104  hal_rcc.o(.text)
    hal_rcc_set_peripheral                   0x08000cf9   Thumb Code   228  hal_rcc.o(.text)
    hal_rcc_set_osc                          0x08000de1   Thumb Code   108  hal_rcc.o(.text)
    hal_rcc_setup_pll                        0x08000e55   Thumb Code   220  hal_rcc.o(.text)
    hal_rcc_setup_clock                      0x08000f49   Thumb Code    80  hal_rcc.o(.text)
    Image$$ER_IROM1$$Limit                   0x08000fa0   Number         0  anon$$obj.o ABSOLUTE
    Image$$RW_IRAM1$$Base                    0x20000000   Number         0  anon$$obj.o ABSOLUTE
    Image$$RW_IRAM1$$ZI$$Base                0x20000000   Number         0  anon$$obj.o ABSOLUTE
    Stack_Mem                                0x20000000   Data        8192  startup_ctboard.o(STACK)
    Image$$RW_IRAM1$$ZI$$Limit               0x20002000   Number         0  anon$$obj.o ABSOLUTE



==============================================================================

Memory Map of the image

  Image Entry point : 0x080002e5

  Load Region LR_IROM1 (Base: 0x08000000, Size: 0x00000fa0, Max: 0x00200000, ABSOLUTE)

    Execution Region ER_IROM1 (Exec base: 0x08000000, Load base: 0x08000000, Size: 0x00000fa0, Max: 0x00200000, ABSOLUTE)

    Exec Addr    Load Addr    Size         Type   Attr      Idx    E Section Name        Object

    0x08000000   0x08000000   0x000001ac   Data   RO           27    RESET               startup_ctboard.o
    0x080001ac   0x080001ac   0x00000098   Code   RO            1    .text               main.o
    0x08000244   0x08000244   0x00000024   Code   RO           11    .text               utils_ctboard.o
    0x08000268   0x08000268   0x0000007c   Code   RO           19    .text               datainit_ctboard.o
    0x080002e4   0x080002e4   0x00000024   Code   RO           28  * .text               startup_ctboard.o
    0x08000308   0x08000308   0x00000162   Code   RO           32    .text               system_ctboard.o
    0x0800046a   0x0800046a   0x00000002   PAD
    0x0800046c   0x0800046c   0x00000154   Code   RO           40    .text               hal_fmc.o
    0x080005c0   0x080005c0   0x00000604   Code   RO           48    .text               hal_gpio.o
    0x08000bc4   0x08000bc4   0x000000ac   Code   RO           56    .text               hal_pwr.o
    0x08000c70   0x08000c70   0x00000330   Code   RO           64    .text               hal_rcc.o


    Execution Region RW_IRAM1 (Exec base: 0x20000000, Load base: 0x08000fa0, Size: 0x00002000, Max: 0x00030000, ABSOLUTE)

    Exec Addr    Load Addr    Size         Type   Attr      Idx    E Section Name        Object

    0x20000000        -       0x00002000   Zero   RW           25    STACK               startup_ctboard.o


==============================================================================

Image component sizes


      Code (inc. data)   RO Data    RW Data    ZI Data      Debug   Object Name

       124         50          0          0          0        464   datainit_ctboard.o
       340         16          0          0          0       3854   hal_fmc.o
      1540         96          0          0          0      12018   hal_gpio.o
       172         20          0          0          0       2149   hal_pwr.o
       816        168          0          0          0       5377   hal_rcc.o
       152          8          0          0          0       2101   main.o
        36          8        428          0       8192        832   startup_ctboard.o
       354         60          0          0          0       6788   system_ctboard.o
        36          0          0          0          0       1756   utils_ctboard.o

    ----------------------------------------------------------------------
      3572        426        428          0       8192      35339   Object Totals
         0          0          0          0          0          0   (incl. Generated)
         2          0          0          0          0          0   (incl. Padding)

    ----------------------------------------------------------------------
         0          0          0          0          0          0   Library Totals
         0          0          0          0          0          0   (incl. Padding)

    ----------------------------------------------------------------------

==============================================================================


      Code (inc. data)   RO Data    RW Data    ZI Data      Debug   

      3572        426        428          0       8192      35167   Grand Totals
      3572        426        428          0       8192      35167   ELF Image Totals
      3572        426        428          0          0          0   ROM Totals

==============================================================================

    Total RO  Size (Code + RO Data)                 4000 (   3.91kB)
    Total RW  Size (RW Data + ZI Data)              8192 (   8.00kB)
    Total ROM Size (Code + RO Data + RW Data)       4000 (   3.91kB)

==============================================================================

